<?xml version="1.0" encoding="UTF-8"?>
<!--

    Copyright (C) [2013] [The FURTHeR Project]

    Licensed under the Apache License, Version 2.0 (the "License");
    you may not use this file except in compliance with the License.
    You may obtain a copy of the License at

            http://www.apache.org/licenses/LICENSE-2.0

    Unless required by applicable law or agreed to in writing, software
    distributed under the License is distributed on an "AS IS" BASIS,
    WITHOUT WARRANTIES OR CONDITIONS OF ANY KIND, either express or implied.
    See the License for the specific language governing permissions and
    limitations under the License.

-->
<query xmlns="http://further.utah.edu/core/query" xmlns:xs="http://www.w3.org/2001/XMLSchema" xmlns:xsi="http://www.w3.org/2001/XMLSchema-instance" rootObject="Person">
  <rootCriterion>
    <searchType>DISJUNCTION</searchType>
    <criteria>
      <searchType>CONJUNCTION</searchType>
      <criteria>
        <searchType>SIMPLE</searchType>
        <parameters>
          <parameter xsi:type="RelationType">EQ</parameter>
          <parameter xsi:type="xs:string">gender</parameter>
          <parameter xsi:type="xs:string">F</parameter>
        </parameters>
      </criteria>
      <criteria>
        <searchType>SIMPLE</searchType>
        <parameters>
          <parameter xsi:type="RelationType">EQ</parameter>
          <parameter xsi:type="xs:string">obs21.conceptId</parameter>
          <parameter xsi:type="xs:long">134887</parameter>
        </parameters>
      </criteria>
      <criteria>
        <searchType>IN</searchType>
        <parameters>
          <parameter xsi:type="xs:string">personId</parameter>
        </parameters>
        <query rootObject="Person">
          <rootCriterion>
            <searchType>CONJUNCTION</searchType>
            <criteria>
              <searchType>SIMPLE</searchType>
              <parameters>
                <parameter xsi:type="RelationType">EQ</parameter>
                <parameter xsi:type="xs:string">obs11.conceptId</parameter>
                <parameter xsi:type="xs:long">500139</parameter>
              </parameters>
            </criteria>
          </rootCriterion>
          <aliases>
            <alias associationObject="Observation">
              <key>obs11</key>
              <value>observations</value>
            </alias>
          </aliases>
        </query>
      </criteria>
    </criteria>
  </rootCriterion>
  <sortCriteria/>
  <aliases>
    <alias associationObject="Observation">
      <key>obs21</key>
      <value>observations</value>
    </alias>
  </aliases>
</query>