<?xml version="1.0" encoding="UTF-8" standalone='yes'?>
<query xmlns="http://further.utah.edu/core/query" xmlns:xs="http://www.w3.org/2001/XMLSchema"
	xmlns:xsi="http://www.w3.org/2001/XMLSchema-instance">
	<rootCriterion>
		<searchType>DISJUNCTION</searchType>
		<criteria>
			<searchType>CONJUNCTION</searchType>
			<criteria>
				<searchType>SIMPLE</searchType>
				<parameters>
					<parameter xsi:type="RelationType">GT</parameter>
					<parameter xsi:type="xs:string">byr</parameter>
					<parameter xsi:type="xs:long">1960</parameter>
				</parameters>
			</criteria>
			<criteria>
				<searchType>SIMPLE</searchType>
				<parameters>
					<parameter xsi:type="RelationType">EQ</parameter>
					<parameter xsi:type="xs:string">white</parameter>
					<parameter xsi:type="xs:string">Y</parameter>
				</parameters>
			</criteria>
			<criteria>
				<searchType>SIMPLE</searchType>
				<parameters>
					<parameter xsi:type="RelationType">EQ</parameter>
					<parameter xsi:type="xs:string">hispanic</parameter>
					<parameter xsi:type="xs:string">Y</parameter>
				</parameters>
			</criteria>
			<criteria>
				<searchType>SIMPLE</searchType>
				<parameters>
					<parameter xsi:type="RelationType">EQ</parameter>
					<parameter xsi:type="xs:string">deceased</parameter>
					<parameter xsi:type="xs:string">Y</parameter>
				</parameters>
			</criteria>
			<criteria>
				<searchType>SIMPLE</searchType>
				<parameters>
					<parameter xsi:type="RelationType">EQ</parameter>
					<parameter xsi:type="xs:string">pedQuality</parameter>
					<parameter xsi:type="xs:string">1</parameter>
				</parameters>
			</criteria>
		</criteria>
		<criteria>
			<searchType>CONJUNCTION</searchType>
			<criteria>
				<searchType>SIMPLE</searchType>
				<parameters>
					<parameter xsi:type="RelationType">EQ</parameter>
					<parameter xsi:type="xs:string">sex</parameter>
					<parameter xsi:type="xs:string">F</parameter>
				</parameters>
			</criteria>
			<criteria>
				<searchType>IN</searchType>
				<parameters>
					<parameter xsi:type="xs:string">Diagnosis.icd9Code</parameter>
					<parameter xsi:type="xs:string">401.1</parameter>
				</parameters>
			</criteria>
		</criteria>
	</rootCriterion>
	<aliases />
</query>
