<?xml version="1.0" encoding="UTF-8" standalone="yes"?>
<query xmlns="http://further.utah.edu/core/query" xmlns:xs="http://www.w3.org/2001/XMLSchema"
	xmlns:xsi="http://www.w3.org/2001/XMLSchema-instance">
	<rootCriterion>
		<searchType>CONJUNCTION</searchType>
		<criteria>
			<searchType>IN</searchType>
			<parameters>
				<parameter xsi:type="xs:string">Diagnosis.icd9Code</parameter>
				<parameter xsi:type="xs:string">401.1</parameter>
				<parameter xsi:type="xs:string">401.2</parameter>
				<parameter xsi:type="xs:string">401.3</parameter>
			</parameters>
		</criteria>
	</rootCriterion>
	<sortCriteria />
	<aliases />
</query>