<?xml version="1.0" encoding="UTF-8" standalone="yes"?>
<query xmlns="http://further.utah.edu/core/query" xmlns:xs="http://www.w3.org/2001/XMLSchema"
	xmlns:xsi="http://www.w3.org/2001/XMLSchema-instance">
	<rootCriterion>
		<searchType>CONJUNCTION</searchType>
		<criteria>
			<searchType>DISJUNCTION</searchType>
			<criteria>
				<searchType>CONJUNCTION</searchType>
				<criteria>
					<searchType>IN</searchType>
					<parameters>
						<parameter xsi:type="xs:string">Diagnosis.icd9Code</parameter>
						<parameter xsi:type="xs:string">642.64</parameter>
						<parameter xsi:type="xs:string">642.6</parameter>
						<parameter xsi:type="xs:string">642.60</parameter>
						<parameter xsi:type="xs:string">642.63</parameter>
						<parameter xsi:type="xs:string">642.61</parameter>
						<parameter xsi:type="xs:string">642.62</parameter>
					</parameters>
				</criteria>
			</criteria>
			<criteria>
				<searchType>CONJUNCTION</searchType>
				<criteria>
					<searchType>IN</searchType>
					<parameters>
						<parameter xsi:type="xs:string">Diagnosis.icd9Code</parameter>
						<parameter xsi:type="xs:string">642.71</parameter>
						<parameter xsi:type="xs:string">642.7</parameter>
						<parameter xsi:type="xs:string">642.72</parameter>
						<parameter xsi:type="xs:string">642.73</parameter>
						<parameter xsi:type="xs:string">642.70</parameter>
						<parameter xsi:type="xs:string">642.74</parameter>
					</parameters>
				</criteria>
			</criteria>
			<criteria>
				<searchType>CONJUNCTION</searchType>
				<criteria>
					<searchType>IN</searchType>
					<parameters>
						<parameter xsi:type="xs:string">Diagnosis.icd9Code</parameter>
						<parameter xsi:type="xs:string">642.51</parameter>
						<parameter xsi:type="xs:string">642.50</parameter>
						<parameter xsi:type="xs:string">642.53</parameter>
						<parameter xsi:type="xs:string">642.54</parameter>
						<parameter xsi:type="xs:string">642.52</parameter>
						<parameter xsi:type="xs:string">642.5</parameter>
					</parameters>
				</criteria>
			</criteria>
		</criteria>
		<criteria>
			<searchType>BETWEEN</searchType>
			<parameters>
				<parameter xsi:type="xs:string">byr</parameter>
				<parameter xsi:type="xs:int">1979</parameter>
				<parameter xsi:type="xs:int">1995</parameter>
			</parameters>
		</criteria>
		<criteria>
			<searchType>CONJUNCTION</searchType>
			<criteria>
				<searchType>SIMPLE</searchType>
				<parameters>
					<parameter xsi:type="RelationType">EQ</parameter>
					<parameter xsi:type="xs:string">sex</parameter>
					<parameter xsi:type="xs:string">F</parameter>
				</parameters>
			</criteria>
		</criteria>
	</rootCriterion>
	<aliases />
</query>