<?xml version="1.0" encoding="UTF-8" standalone='yes'?>
<query xmlns="http://further.utah.edu/core/query" xmlns:xs="http://www.w3.org/2001/XMLSchema"
	xmlns:xsi="http://www.w3.org/2001/XMLSchema-instance">
	<rootCriterion>
		<searchType>CONJUNCTION</searchType>
		<criteria>
			<searchType>SIMPLE</searchType>
			<parameters>
				<parameter xsi:type="RelationType">EQ</parameter>
				<parameter xsi:type="xs:string">current_HDG</parameter>
				<parameter xsi:type="xs:string">Southeast Utah</parameter>
			</parameters>
		</criteria>
		<criteria>
			<searchType>IN</searchType>
			<parameters>
				<parameter xsi:type="xs:string">birth_HDG</parameter>
				<parameter xsi:type="xs:string">Summit County</parameter>
				<parameter xsi:type="xs:string">TriCounty</parameter>
				<parameter xsi:type="xs:string">Tooele County</parameter>
			</parameters>
		</criteria>
	</rootCriterion>
	<aliases />
</query>
