<?xml version="1.0" encoding="UTF-8" standalone="yes"?>
<query xmlns="http://further.utah.edu/core/query" xmlns:xs="http://www.w3.org/2001/XMLSchema"
	xmlns:xsi="http://www.w3.org/2001/XMLSchema-instance">
	<rootCriterion>
		<searchType>CONJUNCTION</searchType>
		<criteria>
			<searchType>LIKE</searchType>
			<parameters>
				<parameter xsi:type="xs:string">Diagnosis.icd9Code</parameter>
				<parameter xsi:type="xs:string">250</parameter>
			</parameters>
			<options>
				<matchType>CONTAINS</matchType>
				<ignoreCase>false</ignoreCase>
			</options>
		</criteria>
	</rootCriterion>
	<aliases />
</query>
