<?xml version="1.0" encoding="UTF-8"?>
<query xmlns="http://further.utah.edu/core/query" xmlns:xs="http://www.w3.org/2001/XMLSchema"
	xmlns:xsi="http://www.w3.org/2001/XMLSchema-instance">
	<rootCriterion>
		<searchType>CONJUNCTION</searchType>
		<criteria>
			<searchType>SIMPLE</searchType>
			<parameters>
				<parameter xsi:type="RelationType">EQ</parameter>
				<parameter xsi:type="xs:string">Procedure.icdCode</parameter>
				<parameter xsi:type="xs:string">36.11</parameter>
			</parameters>
		</criteria>
		<criteria>
			<searchType>BETWEEN</searchType>
			<parameters>
				<parameter xsi:type="xs:string">Procedure.procedureAge</parameter>
				<parameter xsi:type="xs:int">50</parameter>
				<parameter xsi:type="xs:int">70</parameter>
			</parameters>
		</criteria>
		<criteria>
			<searchType>BETWEEN</searchType>
			<parameters>
				<parameter xsi:type="xs:string">Procedure.procedureYr</parameter>
				<parameter xsi:type="xs:int">1990</parameter>
				<parameter xsi:type="xs:int">2005</parameter>
			</parameters>
		</criteria>
		<criteria>
			<searchType>SIMPLE</searchType>
			<parameters>
				<parameter xsi:type="RelationType">EQ</parameter>
				<parameter xsi:type="xs:string">sex</parameter>
				<parameter xsi:type="xs:string">F</parameter>
			</parameters>
		</criteria>
		<criteria>
			<searchType>BETWEEN</searchType>
			<parameters>
				<parameter xsi:type="xs:string">byr</parameter>
				<parameter xsi:type="xs:int">1940</parameter>
				<parameter xsi:type="xs:int">1950</parameter>
			</parameters>
		</criteria>
		<criteria>
			<searchType>BETWEEN</searchType>
			<parameters>
				<parameter xsi:type="xs:string">dyr</parameter>
				<parameter xsi:type="xs:int">2000</parameter>
				<parameter xsi:type="xs:int">2010</parameter>
			</parameters>
		</criteria>
	</rootCriterion>
	<sortCriteria />
	<aliases />
</query>