<?xml version="1.0" encoding="UTF-8" standalone="yes"?>
<query xmlns="http://further.utah.edu/core/query" xmlns:xs="http://www.w3.org/2001/XMLSchema"
	xmlns:xsi="http://www.w3.org/2001/XMLSchema-instance" rootObject="Patient">
	<rootCriterion>
		<searchType>CONJUNCTION</searchType>
		<criteria>
			<searchType>CONJUNCTION</searchType>
			<criteria>
				<searchType>SIMPLE</searchType>
				<parameters>
					<parameter xsi:type="RelationType">EQ</parameter>
					<parameter xsi:type="xs:string">lb1.abnormalFlags</parameter>
					<parameter xsi:type="xs:string">H</parameter>
				</parameters>
			</criteria>
			<criteria>
				<searchType>SIMPLE</searchType>
				<parameters>
					<parameter xsi:type="RelationType">EQ</parameter>
					<parameter xsi:type="xs:string">lb1.id.obsvtnStudyCodeDwid</parameter>
					<parameter xsi:type="xs:integer">240880</parameter>
				</parameters>
			</criteria>
		</criteria>
	</rootCriterion>
	<aliases>
		<alias associationObject="LabObservation">
			<key>lb1</key>
			<value>labObservations</value>
		</alias>
	</aliases>
</query>