<?xml version="1.0" encoding="UTF-8" standalone="yes"?>
<query xmlns="http://further.utah.edu/core/query" xmlns:xs="http://www.w3.org/2001/XMLSchema"
	xmlns:xsi="http://www.w3.org/2001/XMLSchema-instance" rootObject="Patient">
	<rootCriterion>
		<searchType>COUNT</searchType>
		<parameters>
			<parameter xsi:type="RelationType">GT</parameter>
			<parameter xsi:type="xs:int">0</parameter>
		</parameters>
		<query>
			<rootCriterion>
				<searchType>CONJUNCTION</searchType>
				<criteria>
					<searchType>SIMPLE</searchType>
					<parameters>
						<parameter xsi:type="RelationType">EQ</parameter>
						<parameter xsi:type="xs:string">dx1.id.codeType</parameter>
						<parameter xsi:type="xs:string">ICD9</parameter>
					</parameters>
				</criteria>
				<criteria>
					<searchType>IN</searchType>
					<parameters>
						<parameter xsi:type="xs:string">dx1.id.code</parameter>
						<parameter xsi:type="xs:string">401.1</parameter>
						<parameter xsi:type="xs:string">401.2</parameter>
						<parameter xsi:type="xs:string">401.3</parameter>
					</parameters>
				</criteria>
			</rootCriterion>
			<aliases>
				<alias associationObject="Diagnosis">
					<key>dx1</key>
					<value>diagnoses</value>
				</alias>
			</aliases>
		</query>
	</rootCriterion>
	<aliases />
</query>