<?xml version="1.0" encoding="UTF-8"?>
<query xmlns="http://further.utah.edu/core/query"
       xmlns:xs="http://www.w3.org/2001/XMLSchema"
       xmlns:xsi="http://www.w3.org/2001/XMLSchema-instance">
   <rootCriterion>
      <searchType>CONJUNCTION</searchType>
      <criteria>
         <searchType>CONJUNCTION</searchType>
         <criteria>
            <searchType>SIMPLE</searchType>
            <parameters>
               <parameter xsi:type="RelationType">GT</parameter>
               <parameter xsi:type="xs:string">lb1.obsvtnNmValue</parameter>
               <parameter xsi:type="xs:double">10.0</parameter>
            </parameters>
         </criteria>
         <criteria>
            <searchType>SIMPLE</searchType>
            <parameters>
               <parameter xsi:type="RelationType">EQ</parameter>
               <parameter xsi:type="xs:string">lb1.valueType</parameter>
               <parameter xsi:type="xs:string">NM</parameter>
            </parameters>
         </criteria>
         <criteria>
            <searchType>SIMPLE</searchType>
            <parameters>
               <parameter xsi:type="RelationType">EQ</parameter>
               <parameter xsi:type="xs:string">lb1.uomCode</parameter>
               <parameter xsi:type="xs:string">sec</parameter>
            </parameters>
         </criteria>
         <criteria>
            <searchType>SIMPLE</searchType>
            <parameters>
               <parameter xsi:type="RelationType">EQ</parameter>
               <parameter xsi:type="xs:string">lb1.id.obsvtnStudyCodeDwid</parameter>
               <parameter xsi:type="xs:integer">246308</parameter>
            </parameters>
         </criteria>
      </criteria>
   </rootCriterion>
   <aliases>
      <alias associationObject="LabObservation">
         <key>lb1</key>
         <value>labObservations</value>
      </alias>
   </aliases>
</query>