<?xml version="1.0" encoding="UTF-8" standalone="yes"?>
<query xmlns="http://further.utah.edu/core/query" xmlns:xs="http://www.w3.org/2001/XMLSchema" xmlns:xsi="http://www.w3.org/2001/XMLSchema-instance" rootObject="Patient">
  <rootCriterion>
    <searchType>CONJUNCTION</searchType>
    <criteria>
    	<searchType>CONJUNCTION</searchType>
		<criteria>
			<searchType>SIMPLE</searchType>
			<parameters>
				<parameter xsi:type="RelationType">EQ</parameter>
				<parameter xsi:type="xs:string">nEnc1.patAdmTypeDwid</parameter>
				<parameter xsi:type="xs:integer">102546</parameter>
			</parameters>
		</criteria>
	</criteria>
	<criteria>
		<searchType>CONJUNCTION</searchType>
		<criteria>
			<searchType>SIMPLE</searchType>
			<parameters>
				<parameter xsi:type="RelationType">EQ</parameter>
				<parameter xsi:type="xs:string">nEnc1.clinicalLos</parameter>
				<parameter xsi:type="xs:decimal">3</parameter>
			</parameters>
		</criteria>	
	</criteria>
  </rootCriterion>
  <aliases>
    <alias associationObject="Encounter">
      <key>nEnc1</key>
      <value>encounters</value>
    </alias>
  </aliases>
</query>