<?xml version="1.0" encoding="UTF-8" standalone="yes"?>
<query xmlns="http://further.utah.edu/core/query" xmlns:xs="http://www.w3.org/2001/XMLSchema"
	xmlns:xsi="http://www.w3.org/2001/XMLSchema-instance" rootObject="Patient">
	<rootCriterion>
		<searchType>DISJUNCTION</searchType>
		<criteria>
			<searchType>CONJUNCTION</searchType>
			<criteria>
				<searchType>SIMPLE</searchType>
				<parameters>
					<parameter xsi:type="RelationType">EQ</parameter>
					<parameter xsi:type="xs:string">genderDwid</parameter>
					<parameter xsi:type="xs:integer">297939</parameter>
				</parameters>
			</criteria>
			<criteria>
				<searchType>SIMPLE</searchType>
				<parameters>
					<parameter xsi:type="RelationType">EQ</parameter>
					<parameter xsi:type="xs:string">dx2.id.codeType</parameter>
					<parameter xsi:type="xs:string">ICD9</parameter>
				</parameters>
			</criteria>
			<criteria>
				<searchType>SIMPLE</searchType>
				<parameters>
					<parameter xsi:type="RelationType">EQ</parameter>
					<parameter xsi:type="xs:string">dx2.id.code</parameter>
					<parameter xsi:type="xs:string">401.1</parameter>
				</parameters>
			</criteria>
			<criteria>
				<searchType>IN</searchType>
				<parameters>
					<parameter xsi:type="xs:string">id</parameter>
				</parameters>
				<query rootObject="Patient">
					<rootCriterion>
						<searchType>CONJUNCTION</searchType>
						<criteria>
							<searchType>SIMPLE</searchType>
							<parameters>
								<parameter xsi:type="RelationType">EQ</parameter>
								<parameter xsi:type="xs:string">lb1.id.obsvtnStudyCodeDwid</parameter>
								<parameter xsi:type="xs:integer">240806</parameter>
							</parameters>
						</criteria>
					</rootCriterion>
					<aliases>
						<alias associationObject="LabObservation">
							<key>lb1</key>
							<value>labObservations</value>
						</alias>
					</aliases>
				</query>
			</criteria>
		</criteria>
	</rootCriterion>
	<aliases>
		<alias associationObject="Diagnosis">
			<key>dx2</key>
			<value>diagnoses</value>
		</alias>
	</aliases>
</query>