<?xml version="1.0" encoding="UTF-8"?>
<query xmlns="http://further.utah.edu/core/query"
       xmlns:xs="http://www.w3.org/2001/XMLSchema"
       xmlns:xsi="http://www.w3.org/2001/XMLSchema-instance"
       qid="1" rootObject="Patient">
   <rootCriterion>
      <searchType>CONJUNCTION</searchType>
      <criteria>
         <searchType>DISJUNCTION</searchType>
         <criteria>
            <searchType>CONJUNCTION</searchType>
            <criteria>
               <searchType>SIMPLE</searchType>
               <parameters>
                  <parameter xsi:type="RelationType">EQ</parameter>
                  <parameter xsi:type="xs:string">genderDwid</parameter>
                  <parameter xsi:type="xs:integer">297940</parameter>
               </parameters>
            </criteria>
         </criteria>
         <criteria>
            <searchType>CONJUNCTION</searchType>
            <criteria>
               <searchType>SIMPLE</searchType>
               <parameters>
                  <parameter xsi:type="RelationType">EQ</parameter>
                  <parameter xsi:type="xs:string">genderDwid</parameter>
                  <parameter xsi:type="xs:integer">297939</parameter>
               </parameters>
            </criteria>
         </criteria>
      </criteria>
   </rootCriterion>
   <aliases/>
</query>