<?xml version="1.0" encoding="UTF-8" standalone="yes"?>
<query xmlns="http://further.utah.edu/core/query" xmlns:xs="http://www.w3.org/2001/XMLSchema"
	xmlns:xsi="http://www.w3.org/2001/XMLSchema-instance" rootObject="Patient">
	<rootCriterion>
		<searchType>CONJUNCTION</searchType>
		<criteria>
			<searchType>SIMPLE</searchType>
			<parameters>
				<parameter xsi:type="RelationType">EQ</parameter>
				<parameter xsi:type="xs:string">dx1.id.codeType</parameter>
				<parameter xsi:type="xs:string">ICD9</parameter>
			</parameters>
		</criteria>
		<criteria>
			<searchType>LIKE</searchType>
			<parameters>
				<parameter xsi:type="xs:string">dx1.id.code</parameter>
				<parameter xsi:type="xs:string">250</parameter>
			</parameters>
			<options>
				<matchType>CONTAINS</matchType>
				<ignoreCase>false</ignoreCase>
			</options>
		</criteria>
	</rootCriterion>
	<aliases>
		<alias associationObject="Diagnosis">
			<key>dx1</key>
			<value>diagnoses</value>
		</alias>
	</aliases>
</query>